// Jest Snapshot v1, https://goo.gl/fbAQLP

exports[`should render <CustomAvatar /> with local image reference 1`] = `
<View
  style={
    Object {
      "alignItems": "center",
      "flexDirection": "column",
      "height": 50,
      "justifyContent": "center",
      "marginTop": -2.5,
      "width": 50,
    }
  }
>
  <Image
    source={
      Object {
        "testUri": "../../../components/__tests__/images/rn_logo.png",
      }
    }
    style={
      Object {
        "height": 50,
        "width": 50,
      }
    }
  />
</View>
`;
